         Stopping Session 27 of user vagrant.
[[0;32m  OK  [0m] Stopped target Timers.
[[0;32m  OK  [0m] Stopped Daily apt upgrade and clean activities.
[[0;32m  OK  [0m] Stopped Daily apt download activities.
         Stopping Availability of block devices...
[[0;32m  OK  [0m] Closed Load/Save RF Kill Switch Status /dev/rfkill Watch.
         Stopping Authorization Manager...
[[0;32m  OK  [0m] Stopped target Host and Network Name Lookups.
[[0;32m  OK  [0m] Stopped Message of the Day.
         Stopping User Manager for UID 1000...
         Stopping Session 6 of user vagrant.
[[0;32m  OK  [0m] Stopped Daily Cleanup of Temporary Directories.
[[0;32m  OK  [0m] Stopped Discard unused blocks once a week.
[[0;32m  OK  [0m] Stopped target System Time Synchronized.
[[0;32m  OK  [0m] Stopped target Cloud-init target.
[[0;32m  OK  [0m] Stopped Execute cloud user/final scripts.
[[0;32m  OK  [0m] Stopped Apply the settings specified in cloud-config.
[[0;32m  OK  [0m] Stopped target Cloud-config availability.
[[0;32m  OK  [0m] Stopped target Graphical Interface.
[[0;32m  OK  [0m] Stopped target Multi-User System.
         Stopping LXD - container startup/shutdown...
         Stopping System Logging Service...
[[0;32m  OK  [0m] Stopped Wait until snapd is fully seeded.
         Stopping Virtualbox guest utils...
         Stopping Dispatcher daemon for systemd-networkd...
         Stopping irqbalance daemon...
         Stopping Docker Application Container Engine...
[[0;32m  OK  [0m] Stopped target Login Prompts.
         Stopping Serial Getty on ttyS0...
         Stopping Getty on tty1...
         Stopping LSB: automatic crash report generation...
         Stopping Deferred execution scheduler...
         Stopping FUSE filesystem for LXC...
         Stopping OpenBSD Secure Shell server...
         Stopping D-Bus System Message Bus...
         Stopping Regular background program processing daemon...
         Stopping Unattended Upgrades Shutdown...
         Stopping LSB: Record successful boot for GRUB...
[[0;32m  OK  [0m] Removed slice system-postgresql.slice.
         Stopping Accounts Service...
[[0;32m  OK  [0m] Unmounted /var/lib/lxcfs.
[[0;32m  OK  [0m] Stopped irqbalance daemon.
[[0;32m  OK  [0m] Stopped Dispatcher daemon for systemd-networkd.
[[0;32m  OK  [0m] Stopped Deferred execution scheduler.
[[0;32m  OK  [0m] Stopped System Logging Service.
[[0;32m  OK  [0m] Stopped Regular background program processing daemon.
[[0;32m  OK  [0m] Stopped Authorization Manager.
[[0;32m  OK  [0m] Stopped Serial Getty on ttyS0.
[[0;32m  OK  [0m] Stopped Getty on tty1.
[[0;32m  OK  [0m] Stopped Accounts Service.
[[0;32m  OK  [0m] Stopped OpenBSD Secure Shell server.
[[0;32m  OK  [0m] Stopped User Manager for UID 1000.
[[0;32m  OK  [0m] Stopped Unattended Upgrades Shutdown.
[[0;32m  OK  [0m] Stopped Availability of block devices.
[[0;32m  OK  [0m] Stopped D-Bus System Message Bus.
[[0;32m  OK  [0m] Stopped FUSE filesystem for LXC.
[[0;32m  OK  [0m] Stopped Session 27 of user vagrant.
[[0;32m  OK  [0m] Removed slice system-getty.slice.
[[0;32m  OK  [0m] Removed slice system-serial\x2dgetty.slice.
[[0;32m  OK  [0m] Stopped LXD - container startup/shutdown.
[[0;32m  OK  [0m] Stopped LSB: automatic crash report generation.
[[0;32m  OK  [0m] Stopped LSB: Record successful boot for GRUB.
[[0;32m  OK  [0m] Stopped Virtualbox guest utils.
[[0;32m  OK  [0m] Unmounted /run/docker/netns/b80f52b4b110.
[[0;32m  OK  [0m] Unmounted /var/lib/docker/containerâ€¦bcba792e0ec3a9dd4bc282/mounts/shm.
[[0;32m  OK  [0m] Unmounted /var/lib/docker/overlay2/â€¦0cb1800dff7d6a40638af096f3/merged.
[[0;32m  OK  [0m] Stopped Docker Application Container Engine.
         Stopping containerd container runtime...
[[0;32m  OK  [0m] Stopped target Network is Online.
[[0;32m  OK  [0m] Stopped containerd container runtime.
[[0;32m  OK  [0m] Stopped Session 6 of user vagrant.
[[0;32m  OK  [0m] Removed slice User Slice of vagrant.
         Stopping Login Service...
         Stopping Permit User Sessions...
[[0;32m  OK  [0m] Stopped Permit User Sessions.
[[0;32m  OK  [0m] Stopped target Remote File Systems.
[[0;32m  OK  [0m] Stopped target Remote File Systems (Pre).
[[0;32m  OK  [0m] Stopped target Network.
         Stopping Network Name Resolution...
[[0;32m  OK  [0m] Stopped Network Name Resolution.
[[0;32m  OK  [0m] Stopped Login Service.
[[0;32m  OK  [0m] Stopped target User and Group Name Lookups.
[[0;32m  OK  [0m] Stopped target Basic System.
[[0;32m  OK  [0m] Stopped target Paths.
[[0;32m  OK  [0m] Stopped ACPI Events Check.
[[0;32m  OK  [0m] Stopped target Slices.
[[0;32m  OK  [0m] Stopped target Sockets.
[[0;32m  OK  [0m] Closed Syslog Socket.
[[0;32m  OK  [0m] Closed ACPID Listen Socket.
[[0;32m  OK  [0m] Closed Open-iSCSI iscsid Socket.
[[0;32m  OK  [0m] Closed UUID daemon activation socket.
[[0;32m  OK  [0m] Closed Docker Socket for the API.
[[0;32m  OK  [0m] Closed Socket activation for snappy daemon.
[[0;32m  OK  [0m] Closed LXD - unix socket.
[[0;32m  OK  [0m] Removed slice User and Session Slice.
[[0;32m  OK  [0m] Closed D-Bus System Message Bus Socket.
[[0;32m  OK  [0m] Stopped target System Initialization.
[[0;32m  OK  [0m] Stopped Initial cloud-init job (metadata service crawler).
[[0;32m  OK  [0m] Stopped Wait for Network to be Configured.
         Stopping Network Service...
[[0;32m  OK  [0m] Stopped target Local Encrypted Volumes.
[[0;32m  OK  [0m] Stopped Dispatch Password Requests to Console Directory Watch.
[[0;32m  OK  [0m] Stopped Forward Password Requests to Wall Directory Watch.
         Stopping Update UTMP about System Boot/Shutdown...
         Stopping Load/Save Random Seed...
[[0;32m  OK  [0m] Stopped Commit a transient machine-id on disk.
[[0;32m  OK  [0m] Stopped Network Service.
[[0;32m  OK  [0m] Stopped Load/Save Random Seed.
[[0;32m  OK  [0m] Stopped Apply Kernel Variables.
[[0;32m  OK  [0m] Stopped Load Kernel Modules.
[[0;32m  OK  [0m] Stopped target Network (Pre).
[[0;32m  OK  [0m] Stopped Initial cloud-init job (pre-networking).
[[0;32m  OK  [0m] Stopped Update UTMP about System Boot/Shutdown.
[[0;32m  OK  [0m] Stopped Create Volatile Files and Directories.
[[0;32m  OK  [0m] Stopped target Local File Systems.
         Unmounting /run/user/1000...
         Unmounting /vagrant...
[[0;32m  OK  [0m] Unmounted /run/user/1000.
[[0;32m  OK  [0m] Stopped target Swap.
[[0;32m  OK  [0m] Unmounted /vagrant.
[[0;32m  OK  [0m] Reached target Unmount All Filesystems.
[[0;32m  OK  [0m] Stopped target Local File Systems (Pre).
[[0;32m  OK  [0m] Stopped Remount Root and Kernel File Systems.
[[0;32m  OK  [0m] Stopped Create Static Device Nodes in /dev.
[[0;32m  OK  [0m] Reached target Shutdown.
[[0;32m  OK  [0m] Reached target Final Step.
         Starting Reboot...
         Stopping Monitoring of LVM2 mirrorsâ€¦ng dmeventd or progress polling...
[[0;32m  OK  [0m] Stopped Monitoring of LVM2 mirrors,â€¦sing dmeventd or progress polling.
         Stopping LVM2 metadata daemon...
[[0;32m  OK  [0m] Stopped LVM2 metadata daemon.
[17569.007729] reboot: Restarting system
[    0.000000] Linux version 4.15.0-54-generic (buildd@lgw01-amd64-014) (gcc version 7.4.0 (Ubuntu 7.4.0-1ubuntu1~18.04.1)) #58-Ubuntu SMP Mon Jun 24 10:55:24 UTC 2019 (Ubuntu 4.15.0-54.58-generic 4.15.18)
[    0.000000] Command line: BOOT_IMAGE=/boot/vmlinuz-4.15.0-54-generic root=LABEL=cloudimg-rootfs ro console=tty1 console=ttyS0
[    0.000000] KERNEL supported cpus:
[    0.000000]   Intel GenuineIntel
[    0.000000]   AMD AuthenticAMD
[    0.000000]   Centaur CentaurHauls
[    0.000000] x86/fpu: Supporting XSAVE feature 0x001: 'x87 floating point registers'
[    0.000000] x86/fpu: Supporting XSAVE feature 0x002: 'SSE registers'
[    0.000000] x86/fpu: Supporting XSAVE feature 0x004: 'AVX registers'
[    0.000000] x86/fpu: xstate_offset[2]:  576, xstate_sizes[2]:  256
[    0.000000] x86/fpu: Enabled xstate features 0x7, context size is 832 bytes, using 'standard' format.
[    0.000000] e820: BIOS-provided physical RAM map:
[    0.000000] BIOS-e820: [mem 0x0000000000000000-0x000000000009fbff] usable
[    0.000000] BIOS-e820: [mem 0x000000000009fc00-0x000000000009ffff] reserved
[    0.000000] BIOS-e820: [mem 0x00000000000f0000-0x00000000000fffff] reserved
[    0.000000] BIOS-e820: [mem 0x0000000000100000-0x00000000dffeffff] usable
[    0.000000] BIOS-e820: [mem 0x00000000dfff0000-0x00000000dfffffff] ACPI data
[    0.000000] BIOS-e820: [mem 0x00000000fec00000-0x00000000fec00fff] reserved
[    0.000000] BIOS-e820: [mem 0x00000000fee00000-0x00000000fee00fff] reserved
[    0.000000] BIOS-e820: [mem 0x00000000fffc0000-0x00000000ffffffff] reserved
[    0.000000] BIOS-e820: [mem 0x0000000100000000-0x000000011fffffff] usable
[    0.000000] NX (Execute Disable) protection: active
[    0.000000] SMBIOS 2.5 present.
[    0.000000] DMI: innotek GmbH VirtualBox/VirtualBox, BIOS VirtualBox 12/01/2006
[    0.000000] Hypervisor detected: KVM
[    0.000000] e820: last_pfn = 0x120000 max_arch_pfn = 0x400000000
[    0.000000] MTRR: Disabled
[    0.000000] x86/PAT: MTRRs disabled, skipping PAT initialization too.
[    0.000000] CPU MTRRs all blank - virtualized system.
[    0.000000] x86/PAT: Configuration [0-7]: WB  WT  UC- UC  WB  WT  UC- UC  
[    0.000000] e820: last_pfn = 0xdfff0 max_arch_pfn = 0x400000000
[    0.000000] Scanning 1 areas for low memory corruption
[    0.000000] RAMDISK: [mem 0x35a93000-0x36d40fff]
[    0.000000] ACPI: Early table checksum verification disabled
[    0.000000] ACPI: RSDP 0x00000000000E0000 000024 (v02 VBOX  )
[    0.000000] ACPI: XSDT 0x00000000DFFF0030 00003C (v01 VBOX   VBOXXSDT 00000001 ASL  00000061)
[    0.000000] ACPI: FACP 0x00000000DFFF00F0 0000F4 (v04 VBOX   VBOXFACP 00000001 ASL  00000061)
[    0.000000] ACPI: DSDT 0x00000000DFFF0470 0022EA (v02 VBOX   VBOXBIOS 00000002 INTL 20100528)
[    0.000000] ACPI: FACS 0x00000000DFFF0200 000040
[    0.000000] ACPI: FACS 0x00000000DFFF0200 000040
[    0.000000] ACPI: APIC 0x00000000DFFF0240 00005C (v02 VBOX   VBOXAPIC 00000001 ASL  00000061)
[    0.000000] ACPI: SSDT 0x00000000DFFF02A0 0001CC (v01 VBOX   VBOXCPUT 00000002 INTL 20100528)
[    0.000000] No NUMA configuration found
[    0.000000] Faking a node at [mem 0x0000000000000000-0x000000011fffffff]
[    0.000000] NODE_DATA(0) allocated [mem 0x11ffd1000-0x11fffbfff]
[    0.000000] kvm-clock: cpu 0, msr 1:1ff50001, primary cpu clock
[    0.000000] kvm-clock: Using msrs 4b564d01 and 4b564d00
[    0.000000] kvm-clock: using sched offset of 17576913175760 cycles
[    0.000000] clocksource: kvm-clock: mask: 0xffffffffffffffff max_cycles: 0x1cd42e4dffb, max_idle_ns: 881590591483 ns
[    0.000000] Zone ranges:
[    0.000000]   DMA      [mem 0x0000000000001000-0x0000000000ffffff]
[    0.000000]   DMA32    [mem 0x0000000001000000-0x00000000ffffffff]
[    0.000000]   Normal   [mem 0x0000000100000000-0x000000011fffffff]
[    0.000000]   Device   empty
[    0.000000] Movable zone start for each node
[    0.000000] Early memory node ranges
[    0.000000]   node   0: [mem 0x0000000000001000-0x000000000009efff]
[    0.000000]   node   0: [mem 0x0000000000100000-0x00000000dffeffff]
[    0.000000]   node   0: [mem 0x0000000100000000-0x000000011fffffff]
[    0.000000] Reserved but unavailable: 114 pages
[    0.000000] Initmem setup node 0 [mem 0x0000000000001000-0x000000011fffffff]
[    0.000000] ACPI: PM-Timer IO Port: 0x4008
[    0.000000] IOAPIC[0]: apic_id 2, version 32, address 0xfec00000, GSI 0-23
[    0.000000] ACPI: INT_SRC_OVR (bus 0 bus_irq 0 global_irq 2 dfl dfl)
[    0.000000] ACPI: INT_SRC_OVR (bus 0 bus_irq 9 global_irq 9 low level)
[    0.000000] Using ACPI (MADT) for SMP configuration information
[    0.000000] smpboot: Allowing 2 CPUs, 0 hotplug CPUs
[    0.000000] PM: Registered nosave memory: [mem 0x00000000-0x00000fff]
[    0.000000] PM: Registered nosave memory: [mem 0x0009f000-0x0009ffff]
[    0.000000] PM: Registered nosave memory: [mem 0x000a0000-0x000effff]
[    0.000000] PM: Registered nosave memory: [mem 0x000f0000-0x000fffff]
[    0.000000] PM: Registered nosave memory: [mem 0xdfff0000-0xdfffffff]
[    0.000000] PM: Registered nosave memory: [mem 0xe0000000-0xfebfffff]
[    0.000000] PM: Registered nosave memory: [mem 0xfec00000-0xfec00fff]
[    0.000000] PM: Registered nosave memory: [mem 0xfec01000-0xfedfffff]
[    0.000000] PM: Registered nosave memory: [mem 0xfee00000-0xfee00fff]
[    0.000000] PM: Registered nosave memory: [mem 0xfee01000-0xfffbffff]
[    0.000000] PM: Registered nosave memory: [mem 0xfffc0000-0xffffffff]
[    0.000000] e820: [mem 0xe0000000-0xfebfffff] available for PCI devices
[    0.000000] Booting paravirtualized kernel on KVM
[    0.000000] clocksource: refined-jiffies: mask: 0xffffffff max_cycles: 0xffffffff, max_idle_ns: 7645519600211568 ns
[    0.000000] random: get_random_bytes called from start_kernel+0x99/0x4fd with crng_init=0
[    0.000000] setup_percpu: NR_CPUS:8192 nr_cpumask_bits:2 nr_cpu_ids:2 nr_node_ids:1
[    0.000000] percpu: Embedded 46 pages/cpu @        (ptrval) s151552 r8192 d28672 u1048576
[    0.000000] PV qspinlock hash table entries: 256 (order: 0, 4096 bytes)
[    0.000000] Built 1 zonelists, mobility grouping on.  Total pages: 1032057
[    0.000000] Policy zone: Normal
[    0.000000] Kernel command line: BOOT_IMAGE=/boot/vmlinuz-4.15.0-54-generic root=LABEL=cloudimg-rootfs ro console=tty1 console=ttyS0
[    0.000000] Memory: 4014064K/4193848K available (12300K kernel code, 2473K rwdata, 4272K rodata, 2408K init, 2416K bss, 179784K reserved, 0K cma-reserved)
[    0.000000] SLUB: HWalign=64, Order=0-3, MinObjects=0, CPUs=2, Nodes=1
[    0.000000] Kernel/User page tables isolation: enabled
[    0.000000] ftrace: allocating 39216 entries in 154 pages
[    0.004000] Hierarchical RCU implementation.
[    0.004000] 	RCU restricting CPUs from NR_CPUS=8192 to nr_cpu_ids=2.
[    0.004000] 	Tasks RCU enabled.
[    0.004000] RCU: Adjusting geometry for rcu_fanout_leaf=16, nr_cpu_ids=2
[    0.004000] NR_IRQS: 524544, nr_irqs: 440, preallocated irqs: 16
[    0.004000] Console: colour VGA+ 80x25
[    0.004000] console [tty1] enabled
[    0.004000] console [ttyS0] enabled
[    0.004000] ACPI: Core revision 20170831
[    0.004000] ACPI: 2 ACPI AML tables successfully acquired and loaded
[    0.004000] APIC: Switch to symmetric I/O mode setup
[    0.004000] x2apic enabled
[    0.004000] Switched APIC routing to physical x2apic.
[    0.004000] ..TIMER: vector=0x30 apic1=0 pin1=2 apic2=-1 pin2=-1
[    0.004003] tsc: Detected 2208.000 MHz processor
[    0.004891] Calibrating delay loop (skipped) preset value.. 4416.00 BogoMIPS (lpj=8832000)
[    0.005575] pid_max: default: 32768 minimum: 301
[    0.008024] Security Framework initialized
[    0.009101] Yama: becoming mindful.
[    0.009948] AppArmor: AppArmor initialized
[    0.011471] Dentry cache hash table entries: 524288 (order: 10, 4194304 bytes)
[    0.012345] Inode-cache hash table entries: 262144 (order: 9, 2097152 bytes)
[    0.013670] Mount-cache hash table entries: 8192 (order: 4, 65536 bytes)
[    0.016007] Mountpoint-cache hash table entries: 8192 (order: 4, 65536 bytes)
[    0.017553] mce: CPU supports 0 MCE banks
[    0.018512] Last level iTLB entries: 4KB 64, 2MB 8, 4MB 8
[    0.019739] Last level dTLB entries: 4KB 64, 2MB 0, 4MB 0, 1GB 4
[    0.020003] Spectre V2 : Mitigation: Full generic retpoline
[    0.021127] Spectre V2 : Spectre v2 / SpectreRSB mitigation: Filling RSB on context switch
[    0.022976] Speculative Store Bypass: Vulnerable
[    0.024041] MDS: Vulnerable: Clear CPU buffers attempted, no microcode
[    0.025330] Freeing SMP alternatives memory: 36K
[    0.032000] smpboot: CPU0: Intel(R) Core(TM) i7-8750H CPU @ 2.20GHz (family: 0x6, model: 0x9e, stepping: 0xa)
[    0.032000] Performance Events: unsupported p6 CPU model 158 no PMU driver, software events only.
[    0.032035] Hierarchical SRCU implementation.
[    0.033559] NMI watchdog: Perf event create on CPU 0 failed with -2
[    0.036001] NMI watchdog: Perf NMI watchdog permanently disabled
[    0.037266] smp: Bringing up secondary CPUs ...
[    0.038515] x86: Booting SMP configuration:
[    0.039356] .... node  #0, CPUs:      #1
[    0.004000] kvm-clock: cpu 1, msr 1:1ff50041, secondary cpu clock
[    0.004000] mce: CPU supports 0 MCE banks
[    0.044017] smp: Brought up 1 node, 2 CPUs
[    0.045033] smpboot: Max logical packages: 1
[    0.045868] smpboot: Total of 2 processors activated (8832.00 BogoMIPS)
[    0.048182] devtmpfs: initialized
[    0.049146] x86/mm: Memory block size: 128MB
[    0.050620] evm: security.selinux
[    0.052020] evm: security.SMACK64
[    0.052905] evm: security.SMACK64EXEC
[    0.053837] evm: security.SMACK64TRANSMUTE
[    0.054635] evm: security.SMACK64MMAP
[    0.055355] evm: security.apparmor
[    0.056000] evm: security.ima
[    0.056006] evm: security.capability
[    0.056875] clocksource: jiffies: mask: 0xffffffff max_cycles: 0xffffffff, max_idle_ns: 7645041785100000 ns
[    0.057890] futex hash table entries: 512 (order: 3, 32768 bytes)
[    0.060062] pinctrl core: initialized pinctrl subsystem
[    0.061179] RTC time: 16:24:18, date: 07/11/19
[    0.062133] NET: Registered protocol family 16
[    0.063046] audit: initializing netlink subsys (disabled)
[    0.064026] audit: type=2000 audit(1562968176.167:1): state=initialized audit_enabled=0 res=1
[    0.064095] cpuidle: using governor ladder
[    0.064820] cpuidle: using governor menu
[    0.068031] ACPI: bus type PCI registered
[    0.068833] acpiphp: ACPI Hot Plug PCI Controller Driver version: 0.5
[    0.070269] PCI: Using configuration type 1 for base access
[    0.072826] HugeTLB registered 2.00 MiB page size, pre-allocated 0 pages
[    0.073725] ACPI: Added _OSI(Module Device)
[    0.076006] ACPI: Added _OSI(Processor Device)
[    0.077149] ACPI: Added _OSI(3.0 _SCP Extensions)
[    0.078053] ACPI: Added _OSI(Processor Aggregator Device)
[    0.079074] ACPI: Added _OSI(Linux-Dell-Video)
[    0.079928] ACPI: Added _OSI(Linux-Lenovo-NV-HDMI-Audio)
[    0.080002] ACPI: Added _OSI(Linux-HPI-Hybrid-Graphics)
[    0.081488] ACPI: Executed 1 blocks of module-level executable AML code
[    0.086620] ACPI: Interpreter enabled
[    0.087544] ACPI: (supports S0 S5)
[    0.088002] ACPI: Using IOAPIC for interrupt routing
[    0.089654] PCI: Using host bridge windows from ACPI; if necessary, use "pci=nocrs" and report a bug
[    0.092177] ACPI: Enabled 2 GPEs in block 00 to 07
[    0.098196] ACPI: PCI Root Bridge [PCI0] (domain 0000 [bus 00-ff])
[    0.100005] acpi PNP0A03:00: _OSC: OS supports [ASPM ClockPM Segments MSI]
[    0.101892] acpi PNP0A03:00: _OSC: not requesting OS control; OS requires [ExtendedConfig ASPM ClockPM MSI]
[    0.104010] acpi PNP0A03:00: fail to add MMCONFIG information, can't access extended PCI configuration space under this bridge.
[    0.106885] PCI host bridge to bus 0000:00
[    0.107790] pci_bus 0000:00: root bus resource [io  0x0000-0x0cf7 window]
[    0.108002] pci_bus 0000:00: root bus resource [io  0x0d00-0xffff window]
[    0.109541] pci_bus 0000:00: root bus resource [mem 0x000a0000-0x000bffff window]
[    0.112003] pci_bus 0000:00: root bus resource [mem 0xe0000000-0xfdffffff window]
[    0.113444] pci_bus 0000:00: root bus resource [bus 00-ff]
[    0.118086] pci 0000:00:01.1: legacy IDE quirk: reg 0x10: [io  0x01f0-0x01f7]
[    0.120000] pci 0000:00:01.1: legacy IDE quirk: reg 0x14: [io  0x03f6]
[    0.120003] pci 0000:00:01.1: legacy IDE quirk: reg 0x18: [io  0x0170-0x0177]
[    0.122008] pci 0000:00:01.1: legacy IDE quirk: reg 0x1c: [io  0x0376]
[    0.162341] pci 0000:00:07.0: quirk: [io  0x4000-0x403f] claimed by PIIX4 ACPI
[    0.164000] pci 0000:00:07.0: quirk: [io  0x4100-0x410f] claimed by PIIX4 SMB
[    0.180421] ACPI: PCI Interrupt Link [LNKA] (IRQs 5 9 10 *11)
[    0.182749] ACPI: PCI Interrupt Link [LNKB] (IRQs 5 9 *10 11)
[    0.184083] ACPI: PCI Interrupt Link [LNKC] (IRQs 5 *9 10 11)
[    0.185515] ACPI: PCI Interrupt Link [LNKD] (IRQs 5 9 10 *11)
[    0.187060] SCSI subsystem initialized
[    0.187865] pci 0000:00:02.0: vgaarb: setting as boot VGA device
[    0.187865] pci 0000:00:02.0: vgaarb: VGA device added: decodes=io+mem,owns=io+mem,locks=none
[    0.188007] pci 0000:00:02.0: vgaarb: bridge control possible
[    0.189209] vgaarb: loaded
[    0.192035] ACPI: bus type USB registered
[    0.192923] usbcore: registered new interface driver usbfs
[    0.193992] usbcore: registered new interface driver hub
[    0.195021] usbcore: registered new device driver usb
[    0.196042] EDAC MC: Ver: 3.0.0
[    0.196924] PCI: Using ACPI for IRQ routing
[    0.197683] NetLabel: Initializing
[    0.198480] NetLabel:  domain hash size = 128
[    0.200006] NetLabel:  protocols = UNLABELED CIPSOv4 CALIPSO
[    0.201230] NetLabel:  unlabeled traffic allowed by default
[    0.202328] clocksource: Switched to clocksource kvm-clock
[    0.209546] VFS: Disk quotas dquot_6.6.0
[    0.211145] VFS: Dquot-cache hash table entries: 512 (order 0, 4096 bytes)
[    0.213114] AppArmor: AppArmor Filesystem Enabled
[    0.214189] pnp: PnP ACPI init
[    0.216224] pnp: PnP ACPI: found 3 devices
[    0.227383] clocksource: acpi_pm: mask: 0xffffff max_cycles: 0xffffff, max_idle_ns: 2085701024 ns
[    0.229489] NET: Registered protocol family 2
[    0.231050] TCP established hash table entries: 32768 (order: 6, 262144 bytes)
[    0.232756] TCP bind hash table entries: 32768 (order: 7, 524288 bytes)
[    0.234028] TCP: Hash tables configured (established 32768 bind 32768)
[    0.235289] UDP hash table entries: 2048 (order: 4, 65536 bytes)
[    0.236440] UDP-Lite hash table entries: 2048 (order: 4, 65536 bytes)
[    0.237665] NET: Registered protocol family 1
[    0.238596] pci 0000:00:00.0: Limiting direct PCI/PCI transfers
[    0.239741] pci 0000:00:01.0: Activating ISA DMA hang workarounds
[    0.241171] pci 0000:00:02.0: Video device with shadowed ROM at [mem 0x000c0000-0x000dffff]
[    0.242864] Unpacking initramfs...
[    0.439331] Freeing initrd memory: 19128K
[    0.440800] PCI-DMA: Using software bounce buffering for IO (SWIOTLB)
[    0.442533] software IO TLB [mem 0xdbff0000-0xdfff0000] (64MB) mapped at [        (ptrval)-        (ptrval)]
[    0.445077] clocksource: tsc: mask: 0xffffffffffffffff max_cycles: 0x1fd3b81b95f, max_idle_ns: 440795257325 ns
[    0.447648] platform rtc_cmos: registered platform RTC device (no PNP device found)
[    0.449430] Scanning for low memory corruption every 60 seconds
[    0.451213] Initialise system trusted keyrings
[    0.452154] Key type blacklist registered
[    0.453109] workingset: timestamp_bits=36 max_order=20 bucket_order=0
[    0.455638] zbud: loaded
[    0.456653] squashfs: version 4.0 (2009/01/31) Phillip Lougher
[    0.458055] fuse init (API version 7.26)
[    0.461165] Key type asymmetric registered
[    0.462032] Asymmetric key parser 'x509' registered
[    0.463022] Block layer SCSI generic (bsg) driver version 0.4 loaded (major 246)
[    0.464690] io scheduler noop registered
[    0.465687] io scheduler deadline registered
[    0.466999] io scheduler cfq registered (default)
[    0.468452] ACPI: AC Adapter [AC] (off-line)
[    0.469684] input: Power Button as /devices/LNXSYSTM:00/LNXPWRBN:00/input/input0
[    0.471344] ACPI: Power Button [PWRF]
[    0.472294] input: Sleep Button as /devices/LNXSYSTM:00/LNXSLPBN:00/input/input1
[    0.473953] ACPI: Sleep Button [SLPF]
[    0.475975] ACPI: Battery Slot [BAT0] (battery present)
[    0.476165] Serial: 8250/16550 driver, 32 ports, IRQ sharing enabled
[    0.497416] 00:02: ttyS0 at I/O 0x3f8 (irq = 4, base_baud = 115200) is a 16550A
[    0.500110] Linux agpgart interface v0.103
[    0.503315] loop: module loaded
[    0.504541] scsi host0: ata_piix
[    0.505739] scsi host1: ata_piix
[    0.506428] ata1: PATA max UDMA/33 cmd 0x1f0 ctl 0x3f6 bmdma 0xd000 irq 14
[    0.507717] ata2: PATA max UDMA/33 cmd 0x170 ctl 0x376 bmdma 0xd008 irq 15
[    0.509160] libphy: Fixed MDIO Bus: probed
[    0.510159] tun: Universal TUN/TAP device driver, 1.6
[    0.511685] PPP generic driver version 2.4.2
[    0.512706] ehci_hcd: USB 2.0 'Enhanced' Host Controller (EHCI) Driver
[    0.513935] ehci-pci: EHCI PCI platform driver
[    0.514889] ehci-platform: EHCI generic platform driver
[    0.516272] ohci_hcd: USB 1.1 'Open' Host Controller (OHCI) Driver
[    0.517543] ohci-pci: OHCI PCI platform driver
[    0.518704] ohci-platform: OHCI generic platform driver
[    0.519695] uhci_hcd: USB Universal Host Controller Interface driver
[    0.520966] i8042: PNP: PS/2 Controller [PNP0303:PS2K,PNP0f03:PS2M] at 0x60,0x64 irq 1,12
[    0.523366] serio: i8042 KBD port at 0x60,0x64 irq 1
[    0.524395] serio: i8042 AUX port at 0x60,0x64 irq 12
[    0.525426] mousedev: PS/2 mouse device common for all mice
[    0.526792] input: AT Translated Set 2 keyboard as /devices/platform/i8042/serio0/input/input2
[    0.529004] rtc_cmos rtc_cmos: rtc core: registered rtc_cmos as rtc0
[    0.530578] rtc_cmos rtc_cmos: alarms up to one day, 114 bytes nvram
[    0.531858] i2c /dev entries driver
[    0.532658] device-mapper: uevent: version 1.0.3
[    0.533587] device-mapper: ioctl: 4.37.0-ioctl (2017-09-20) initialised: dm-devel@redhat.com
[    0.535239] ledtrig-cpu: registered to indicate activity on CPUs
[    0.537312] NET: Registered protocol family 10
[    0.541592] Segment Routing with IPv6
[    0.542707] NET: Registered protocol family 17
[    0.543820] Key type dns_resolver registered
[    0.545281] RAS: Correctable Errors collector initialized.
[    0.546564] sched_clock: Marking stable (545222195, 0)->(856742069, -311519874)
[    0.548457] registered taskstats version 1
[    0.549278] Loading compiled-in X.509 certificates
[    0.551939] Loaded X.509 cert 'Build time autogenerated kernel key: 1cc14bc8298a06d551159822c55fa35abd77a621'
[    0.554342] zswap: loaded using pool lzo/zbud
[    0.557867] Key type big_key registered
[    0.559033] Key type trusted registered
[    0.561361] Key type encrypted registered
[    0.562387] AppArmor: AppArmor sha1 policy hashing enabled
[    0.563540] ima: No TPM chip found, activating TPM-bypass! (rc=-19)
[    0.564772] ima: Allocated hash algorithm: sha1
[    0.565661] evm: HMAC attrs: 0x1
[    0.566543]   Magic number: 11:902:438
[    0.567365] rtc_cmos rtc_cmos: setting system clock to 2019-07-11 16:24:18 UTC (1562862258)
[    0.569120] BIOS EDD facility v0.16 2004-Jun-25, 0 devices found
[    0.570618] EDD information not available.
[    0.751931] Freeing unused kernel image memory: 2408K
[    0.764357] Write protecting the kernel read-only data: 20480k
[    0.767296] Freeing unused kernel image memory: 2008K
[    0.769606] Freeing unused kernel image memory: 1872K
[    0.777167] x86/mm: Checked W+X mappings: passed, no W+X pages found.
[    0.779184] x86/mm: Checking user space page tables
[    0.785524] x86/mm: Checked W+X mappings: passed, no W+X pages found.
Loading, please wait...
starting version 237
[    0.846994] e1000: Intel(R) PRO/1000 Network Driver - version 7.3.21-k8-NAPI
[    0.849347] e1000: Copyright (c) 1999-2006 Intel Corporation.
[    0.852963] Fusion MPT base driver 3.04.20
[    0.853948] Copyright (c) 1999-2008 LSI Corporation
[    0.862570] Fusion MPT SPI Host driver 3.04.20
[    0.867837] AVX2 version of gcm_enc/dec engaged.
[    0.869381] AES CTR mode by8 optimization enabled
[    1.061758] input: ImExPS/2 Generic Explorer Mouse as /devices/platform/i8042/serio1/input/input4
[    1.255138] e1000 0000:00:03.0 eth0: (PCI:33MHz:32-bit) 02:26:45:5c:bc:af
[    1.257257] e1000 0000:00:03.0 eth0: Intel(R) PRO/1000 Network Connection
[    1.260465] mptbase: ioc0: Initiating bringup
[    1.262660] e1000 0000:00:03.0 enp0s3: renamed from eth0
[    1.356508] ioc0: LSI53C1030 A0: Capabilities={Initiator}
[    1.602547] scsi host2: ioc0: LSI53C1030 A0, FwRev=00000000h, Ports=1, MaxQ=256, IRQ=20
[    1.772792] scsi 2:0:0:0: Direct-Access     VBOX     HARDDISK         1.0  PQ: 0 ANSI: 5
[    1.804451] scsi target2:0:0: Beginning Domain Validation
[    1.809157] scsi target2:0:0: Domain Validation skipping write tests
[    1.811091] scsi target2:0:0: Ending Domain Validation
[    1.812769] scsi target2:0:0: asynchronous
[    1.814804] scsi 2:0:1:0: Direct-Access     VBOX     HARDDISK         1.0  PQ: 0 ANSI: 5
[    1.848185] scsi target2:0:1: Beginning Domain Validation
[    1.852990] random: fast init done
[    1.854227] scsi target2:0:1: Domain Validation skipping write tests
[    1.856028] scsi target2:0:1: Ending Domain Validation
[    1.857645] scsi target2:0:1: asynchronous
[    1.864192] random: systemd-udevd: uninitialized urandom read (16 bytes read)
[    1.865961] random: systemd-udevd: uninitialized urandom read (16 bytes read)
[    1.867580] random: systemd-udevd: uninitialized urandom read (16 bytes read)
[    1.869952] sd 2:0:0:0: Attached scsi generic sg0 type 0
[    1.870129] sd 2:0:0:0: [sda] 20971520 512-byte logical blocks: (10.7 GB/10.0 GiB)
[    1.870198] sd 2:0:0:0: [sda] Write Protect is off
[    1.870325] sd 2:0:0:0: [sda] Incomplete mode parameter data
[    1.870326] sd 2:0:0:0: [sda] Assuming drive cache: write through
[    1.871922]  sda: sda1
[    1.872536] sd 2:0:0:0: [sda] Attached SCSI disk
[    1.878897] sd 2:0:1:0: Attached scsi generic sg1 type 0
[    1.879207] sd 2:0:1:0: [sdb] 20480 512-byte logical blocks: (10.5 MB/10.0 MiB)
[    1.879308] sd 2:0:1:0: [sdb] Write Protect is off
[    1.879508] sd 2:0:1:0: [sdb] Incomplete mode parameter data
[    1.879509] sd 2:0:1:0: [sdb] Assuming drive cache: write through
[    1.882187] sd 2:0:1:0: [sdb] Attached SCSI disk
Begin: Loading essential drivers ... [    3.280261] raid6: sse2x1   gen() 13365 MB/s
[    3.328450] raid6: sse2x1   xor()  9710 MB/s
[    3.376120] raid6: sse2x2   gen() 16555 MB/s
[    3.424204] raid6: sse2x2   xor() 11028 MB/s
[    3.472238] raid6: sse2x4   gen() 19309 MB/s
[    3.520262] raid6: sse2x4   xor() 11889 MB/s
[    3.568180] raid6: avx2x1   gen() 23279 MB/s
[    3.616086] raid6: avx2x1   xor() 15273 MB/s
[    3.664040] raid6: avx2x2   gen() 31923 MB/s
[    3.712040] raid6: avx2x2   xor() 15283 MB/s
[    3.760199] raid6: avx2x4   gen() 27113 MB/s
[    3.808156] raid6: avx2x4   xor() 18941 MB/s
[    3.809392] raid6: using algorithm avx2x2 gen() 31923 MB/s
[    3.811067] raid6: .... xor() 15283 MB/s, rmw enabled
[    3.812458] raid6: using avx2x2 recovery algorithm
[    3.814744] xor: automatically using best checksumming function   avx       
[    3.818115] async_tx: api initialized (async)
done.
Begin: Running /scripts/init-premount ... done.
Begin: Mounting root file system ... Begin: Running /scripts/local-top ... done.
Begin: Running /scripts/local-premount ... [    3.854202] Btrfs loaded, crc32c=crc32c-intel
Scanning for Btrfs filesystems
done.
Warning: fsck not present, so skipping root file system
[    3.883835] EXT4-fs (sda1): mounted filesystem with ordered data mode. Opts: (null)
done.
Begin: Running /scripts/local-bottom ... done.
Begin: Running /scripts/init-bottom ... done.
[    4.055403] ip_tables: (C) 2000-2006 Netfilter Core Team
[    4.064656] systemd[1]: systemd 237 running in system mode. (+PAM +AUDIT +SELINUX +IMA +APPARMOR +SMACK +SYSVINIT +UTMP +LIBCRYPTSETUP +GCRYPT +GNUTLS +ACL +XZ +LZ4 +SECCOMP +BLKID +ELFUTILS +KMOD -IDN2 +IDN -PCRE2 default-hierarchy=hybrid)
[    4.068703] systemd[1]: Detected virtualization oracle.
[    4.069737] systemd[1]: Detected architecture x86-64.

Welcome to [1mUbuntu 18.04.2 LTS[0m!

[    4.089036] systemd[1]: Set hostname to <rails-dev-box>.
[    4.385876] systemd[1]: Reached target Swap.
[[0;32m  OK  [0m] Reached target Swap.
[    4.389695] systemd[1]: Created slice User and Session Slice.
[[0;32m  OK  [0m] Created slice User and Session Slice.
[    4.400688] systemd[1]: Created slice System Slice.
[[0;32m  OK  [0m] Created slice System Slice.
[    4.412878] systemd[1]: Listening on LVM2 metadata daemon socket.
[[0;32m  OK  [0m] Listening on LVM2 metadata daemon socket.
[    4.417723] systemd[1]: Created slice system-serial\x2dgetty.slice.
[[0;32m  OK  [0m] Created slice system-serial\x2dgetty.slice.
[    4.432269] systemd[1]: Listening on Syslog Socket.
[[0;32m  OK  [0m] Listening on Syslog Socket.
[[0;32m  OK  [0m] Listening on LVM2 poll daemon socket.
[[0;32m  OK  [0m] Listening on Device-mapper event daemon FIFOs.
[[0;32m  OK  [0m] Created slice system-postgresql.slice.
[[0;32m  OK  [0m] Listening on Journal Socket.
         Mounting POSIX Message Queue File System...
         Mounting Kernel Debug File System...
         Starting Create list of required stâ€¦ce nodes for the current kernel...
         Starting Uncomplicated firewall...
[[0;32m  OK  [0m] Listening on Journal Audit Socket.
[[0;32m  OK  [0m] Reached target Slices.
         Starting Monitoring of LVM2 mirrorsâ€¦ng dmeventd or progress polling...
[[0;32m  OK  [0m] Reached target System Time Synchronized.
[[0;32m  OK  [0m] Listening on udev Control Socket.
         Mounting Huge Pages File System...
[[0;32m  OK  [0m] Started Forward Password Requests to Wall Directory Watch.
[[0;32m  OK  [0m] Listening on Network Service Netlink Socket.
         Starting Set the console keyboard layout...
[[0;32m  OK  [0m] Listening on Journal Socket (/dev/log).
         Starting Journal Service...
[[0;32m  OK  [0m] Listening on /dev/initctl Compatibility Named Pipe.
         Starting Load Kernel Modules...
[[0;32m  OK  [0m] Reached target User and Group Name Lookups.
[[0;32m  OK  [0m] Set up automount Arbitrary Executabâ€¦rmats File System Automount Point.
[[0;32m  OK  [0m] Listening on udev Kernel Socket.
         Starting udev Coldplug all Devices...
         Starting Remount Root and Kernel File Systems...
[[0;32m  OK  [0m] Mounted POSIX Message Queue File System.
[[0;32m  OK  [0m] Mounted Kernel Debug File System.
[[0;32m  OK  [0m] Started Journal Service.
[    4.650422] Loading iSCSI transport class v2.0-870.
[[0;32m  OK  [0m] Started Create list of required staâ€¦vice nodes for the current kernel.
[[0;32m  OK  [0m] Started Uncomplicated firewall.
[[0;32m  OK  [0m] Mounted Huge Pages File System.
[[0;32m  OK  [0m] Started LVM2 metadata daemon.
         Starting Create Static Device Nodes in /dev...
[    4.704426] iscsi: registered transport (tcp)
[[0;32m  OK  [0m] Started udev Coldplug all Devices.
[    4.727463] EXT4-fs (sda1): re-mounted. Opts: (null)
[[0;32m  OK  [0m] Started Remount Root and Kernel File Systems.
         Starting Flush Journal to Persistent Storage...
[    4.770268] iscsi: registered transport (iser)
         Starting Load/Save Random Seed...
[[0;32m  OK  [0m] Started Monitoring of LVM2 mirrors,â€¦sing dmeventd or progress polling.
[[0;32m  OK  [0m] Started Set the console keyboard layout.
[[0;32m  OK  [0m] Started Load Kernel Modules.
         Mounting FUSE Control File System...
         Starting Apply Kernel Variables...
         Mounting Kernel Configuration File System...
[[0;32m  OK  [0m] Mounted FUSE Control File System.
[[0;32m  OK  [0m] Mounted Kernel Configuration File System.
[    4.800149] systemd-journald[393]: Received request to flush runtime journal from PID 1
[[0;32m  OK  [0m] Started Create Static Device Nodes in /dev.
         Starting udev Kernel Device Manager...
[[0;32m  OK  [0m] Reached target Local File Systems (Pre).
[[0;32m  OK  [0m] Reached target Local File Systems.
         Starting Tell Plymouth To Write Out Runtime Data...
[    4.822857] systemd-journald[393]: File /var/log/journal/0ab74be5cc704f519efcf6cda8a308e6/system.journal corrupted or uncleanly shut down, renaming and replacing.
         Starting Set console font and keymap...
         Starting ebtables ruleset management...
         Starting AppArmor initialization...
[[0;32m  OK  [0m] Started Load/Save Random Seed.
[[0;32m  OK  [0m] Started udev Kernel Device Manager.
[[0;32m  OK  [0m] Started Dispatch Password Requests to Console Directory Watch.
[[0;32m  OK  [0m] Reached target Local Encrypted Volumes.
[[0;32m  OK  [0m] Started Apply Kernel Variables.
[[0;32m  OK  [0m] Started Set console font and keymap.
[[0;32m  OK  [0m] Started Tell Plymouth To Write Out Runtime Data.
[[0;32m  OK  [0m] Started Flush Journal to Persistent Storage.
         Starting Create Volatile Files and Directories...
[[0;32m  OK  [0m] Started Create Volatile Files and Directories.
         Starting Update UTMP about System Boot/Shutdown...
[[0;32m  OK  [0m] Started ebtables ruleset management.
[[0;32m  OK  [0m] Started Update UTMP about System Boot/Shutdown.
[[0;32m  OK  [0m] Found device /dev/ttyS0.
[[0;32m  OK  [0m] Started AppArmor initialization.
         Starting Initial cloud-init job (pre-networking)...
[[0;32m  OK  [0m] Listening on Load/Save RF Kill Switch Status /dev/rfkill Watch.
[    6.369134] cloud-init[520]: Cloud-init v. 19.1-1-gbaa47854-0ubuntu1~18.04.1 running 'init-local' at Thu, 11 Jul 2019 16:24:24 +0000. Up 6.17 seconds.
[[0;32m  OK  [0m] Started Initial cloud-init job (pre-networking).
[[0;32m  OK  [0m] Reached target Network (Pre).
         Starting Network Service...
[[0;32m  OK  [0m] Started Network Service.
         Starting Wait for Network to be Configured...
         Starting Network Name Resolution...
[[0;32m  OK  [0m] Started Network Name Resolution.
[[0;32m  OK  [0m] Reached target Host and Network Name Lookups.
[[0;32m  OK  [0m] Reached target Network.
[[0;32m  OK  [0m] Started Wait for Network to be Configured.
         Starting Initial cloud-init job (metadata service crawler)...
[    8.080567] cloud-init[656]: Cloud-init v. 19.1-1-gbaa47854-0ubuntu1~18.04.1 running 'init' at Thu, 11 Jul 2019 16:24:25 +0000. Up 7.96 seconds.
[    8.082158] cloud-init[656]: ci-info: ++++++++++++++++++++++++++++++++++++++Net device info++++++++++++++++++++++++++++++++++++++
[    8.092197] cloud-init[656]: ci-info: +--------+------+----------------------------+---------------+--------+-------------------+
[    8.093261] cloud-init[656]: ci-info: | Device |  Up  |          Address           |      Mask     | Scope  |     Hw-Address    |
[    8.094702] cloud-init[656]: ci-info: +--------+------+----------------------------+---------------+--------+-------------------+
[    8.096482] cloud-init[656]: ci-info: | enp0s3 | True |         10.0.2.15          | 255.255.255.0 | global | 02:26:45:5c:bc:af |
[    8.097641] cloud-init[656]: ci-info: | enp0s3 | True | fe80::26:45ff:fe5c:bcaf/64 |       .       |  link  | 02:26:45:5c:bc:af |
[    8.108233] cloud-init[656]: ci-info: |   lo   | True |         127.0.0.1          |   255.0.0.0   |  host  |         .         |
[    8.120356] cloud-init[656]: ci-info: |   lo   | True |          ::1/128           |       .       |  host  |         .         |
[    8.121907] cloud-init[656]: ci-info: +--------+------+----------------------------+---------------+--------+-------------------+
[    8.123431] cloud-init[656]: ci-info: ++++++++++++++++++++++++++++Route IPv4 info+++++++++++++++++++++++++++++
[    8.125011] cloud-init[656]: ci-info: +-------+-------------+----------+-----------------+-----------+-------+
[    8.125992] cloud-init[656]: ci-info: | Route | Destination | Gateway  |     Genmask     | Interface | Flags |
[    8.127325] cloud-init[656]: ci-info: +-------+-------------+----------+-----------------+-----------+-------+
[    8.129137] cloud-init[656]: ci-info: |   0   |   0.0.0.0   | 10.0.2.2 |     0.0.0.0     |   enp0s3  |   UG  |
[    8.140339] cloud-init[656]: ci-info: |   1   |   10.0.2.0  | 0.0.0.0  |  255.255.255.0  |   enp0s3  |   U   |
[    8.141595] cloud-init[656]: ci-info: |   2   |   10.0.2.2  | 0.0.0.0  | 255.255.255.255 |   enp0s3  |   UH  |
[    8.152255] cloud-init[656]: ci-info: +-------+-------------+----------+-----------------+-----------+-------+
[    8.153388] cloud-init[656]: ci-info: +++++++++++++++++++Route IPv6 info+++++++++++++++++++
[    8.154446] cloud-init[656]: ci-info: +-------+-------------+---------+-----------+-------+
[    8.155509] cloud-init[656]: ci-info: | Route | Destination | Gateway | Interface | Flags |
[    8.156883] cloud-init[656]: ci-info: +-------+-------------+---------+-----------+-------+
[    8.158576] cloud-init[656]: ci-info: |   1   |  fe80::/64  |    ::   |   enp0s3  |   U   |
[    8.160249] cloud-init[656]: ci-info: |   3   |    local    |    ::   |   enp0s3  |   U   |
[    8.161256] cloud-init[656]: ci-info: |   4   |   ff00::/8  |    ::   |   enp0s3  |   U   |
[    8.162542] cloud-init[656]: ci-info: +-------+-------------+---------+-----------+-------+
[[0;32m  OK  [0m] Started Initial cloud-init job (metadata service crawler).
[[0;32m  OK  [0m] Reached target Cloud-config availability.
[[0;32m  OK  [0m] Reached target System Initialization.
[[0;32m  OK  [0m] Started ACPI Events Check.
[[0;32m  OK  [0m] Listening on Open-iSCSI iscsid Socket.
         Starting Socket activation for snappy daemon.
[[0;32m  OK  [0m] Started Message of the Day.
[[0;32m  OK  [0m] Started Daily apt download activities.
[[0;32m  OK  [0m] Started Discard unused blocks once a week.
         Starting LXD - unix socket.
[[0;32m  OK  [0m] Started Daily apt upgrade and clean activities.
[[0;32m  OK  [0m] Listening on D-Bus System Message Bus Socket.
[[0;32m  OK  [0m] Reached target Paths.
[[0;32m  OK  [0m] Listening on ACPID Listen Socket.
         Starting Docker Socket for the API.
[[0;32m  OK  [0m] Started Daily Cleanup of Temporary Directories.
[[0;32m  OK  [0m] Reached target Timers.
[[0;32m  OK  [0m] Listening on UUID daemon activation socket.
[[0;32m  OK  [0m] Reached target Network is Online.
[[0;32m  OK  [0m] Reached target Remote File Systems (Pre).
[[0;32m  OK  [0m] Reached target Remote File Systems.
         Starting Availability of block devices...
[[0;32m  OK  [0m] Listening on Socket activation for snappy daemon.
[[0;32m  OK  [0m] Listening on LXD - unix socket.
[[0;32m  OK  [0m] Listening on Docker Socket for the API.
[[0;32m  OK  [0m] Started Availability of block devices.
[[0;32m  OK  [0m] Reached target Sockets.
[[0;32m  OK  [0m] Reached target Basic System.
         Starting System Logging Service...
         Starting Snappy daemon...
         Starting LXD - container startup/shutdown...
[[0;32m  OK  [0m] Started FUSE filesystem for LXC.
         Starting LSB: automatic crash report generation...
[[0;32m  OK  [0m] Started Deferred execution scheduler.
         Starting Dispatcher daemon for systemd-networkd...
         Starting Resets System Activity Data Collector...
[[0;32m  OK  [0m] Started Regular background program processing daemon.
         Starting Virtualbox guest utils...
         Starting Permit User Sessions...
[[0;32m  OK  [0m] Started irqbalance daemon.
         Starting PostgreSQL Cluster 10-main...
         Starting containerd container runtime...
[[0;32m  OK  [0m] Started D-Bus System Message Bus.
         Starting Accounts Service...
         Starting LSB: Record successful boot for GRUB...
         Starting OpenBSD Secure Shell server...
         Starting Login Service...
[[0;32m  OK  [0m] Started System Logging Service.
[[0;32m  OK  [0m] Started Snappy daemon.
[[0;32m  OK  [0m] Started Dispatcher daemon for systemd-networkd.
[[0;32m  OK  [0m] Started LXD - container startup/shutdown.
[[0;32m  OK  [0m] Started Resets System Activity Data Collector.
[[0;32m  OK  [0m] Started Permit User Sessions.
[[0;32m  OK  [0m] Started containerd container runtime.
[[0;32m  OK  [0m] Started OpenBSD Secure Shell server.
[[0;32m  OK  [0m] Started Login Service.
[[0;32m  OK  [0m] Started Unattended Upgrades Shutdown.
         Starting Authorization Manager...
         Starting Docker Application Container Engine...
         Starting Hold until boot process finishes up...
         Starting Terminate Plymouth Boot Screen...
         Starting Wait until snapd is fully seeded...
[[0;32m  OK  [0m] Started Hold until boot process finishes up.
[[0;32m  OK  [0m] Started Terminate Plymouth Boot Screen.
[[0;32m  OK  [0m] Started Serial Getty on ttyS0.
         Starting Set console scheme...
[[0;32m  OK  [0m] Started LSB: automatic crash report generation.
[[0;32m  OK  [0m] Started Authorization Manager.
[[0;32m  OK  [0m] Started Accounts Service.
[[0;32m  OK  [0m] Started Set console scheme.
[[0;32m  OK  [0m] Created slice system-getty.slice.
[[0;32m  OK  [0m] Started Getty on tty1.
[[0;32m  OK  [0m] Reached target Login Prompts.
[[0;32m  OK  [0m] Started Wait until snapd is fully seeded.
         Starting Apply the settings specified in cloud-config...
[[0;32m  OK  [0m] Started Virtualbox guest utils.
[[0;32m  OK  [0m] Started LSB: Record successful boot for GRUB.
[   10.127839] cloud-init[1159]: Cloud-init v. 19.1-1-gbaa47854-0ubuntu1~18.04.1 running 'modules:config' at Fri, 12 Jul 2019 16:56:49 +0000. Up 10.01 seconds.
[[0;32m  OK  [0m] Started Apply the settings specified in cloud-config.
[[0;32m  OK  [0m] Started Docker Application Container Engine.
[[0;32m  OK  [0m] Started PostgreSQL Cluster 10-main.
         Starting PostgreSQL RDBMS...
[[0;32m  OK  [0m] Started PostgreSQL RDBMS.
[[0;32m  OK  [0m] Reached target Multi-User System.
         Starting Execute cloud user/final scripts...
[[0;32m  OK  [0m] Reached target Graphical Interface.
         Starting Update UTMP about System Runlevel Changes...
[[0;32m  OK  [0m] Started Update UTMP about System Runlevel Changes.
[   12.480958] cloud-init[1462]: Cloud-init v. 19.1-1-gbaa47854-0ubuntu1~18.04.1 running 'modules:final' at Fri, 12 Jul 2019 16:56:51 +0000. Up 12.40 seconds.
[   12.492434] cloud-init[1462]: Cloud-init v. 19.1-1-gbaa47854-0ubuntu1~18.04.1 finished at Fri, 12 Jul 2019 16:56:51 +0000. Datasource DataSourceNoCloud [seed=/dev/sdb][dsmode=net].  Up 12.47 seconds
[[0;32m  OK  [0m] Started Execute cloud user/final scripts.
[[0;32m  OK  [0m] Reached target Cloud-init target.

Ubuntu 18.04.2 LTS rails-dev-box ttyS0

rails-dev-box login: 